⚠️ Empty File: ./logs/scan/2025-02-10_14-45-47/missing.log
⚠️ Empty File: ./logs/scan/2025-02-10_14-45-47/import_issues.log
⚠️ Empty File: ./logs/scan/2025-02-10_14-45-47/errors.log
⚠️ Empty File: ./logs/scan/2025-02-10_14-45-47/full_scan.log
⚠️ Empty File: ./logs/scan/2025-02-10_14-33-29/missing.log
⚠️ Empty File: ./logs/scan/2025-02-10_14-33-29/import_issues.log
⚠️ Empty File: ./logs/scan/2025-02-10_14-33-29/errors.log
⚠️ Empty File: ./logs/scan/2025-02-10_14-33-29/full_scan.log
⚠️ Empty File: ./logs/scan/2025-02-10_14-27-44/import_issues.log
⚠️ Empty File: ./logs/scan/2025-02-10_14-27-44/errors.log
⚠️ Empty File: ./logs/scan/2025-02-10_14-27-44/full_scan.log
⚠️ Empty File: ./logs/scan/2025-02-10_13-12-59/missing.log
⚠️ Empty File: ./logs/scan/2025-02-10_13-12-59/import_issues.log
⚠️ Empty File: ./logs/scan/2025-02-10_13-12-59/errors.log
⚠️ Empty File: ./logs/scan/2025-02-10_13-12-59/full_scan.log
⚠️ Empty File: ./logs/scan/2025-02-10_14-32-30/import_issues.log
⚠️ Empty File: ./logs/scan/2025-02-10_14-32-30/errors.log
⚠️ Empty File: ./logs/scan/2025-02-10_14-32-30/full_scan.log
⚠️ Empty File: ./logs/scan/2025-02-10_14-50-45/missing.log
⚠️ Empty File: ./logs/scan/2025-02-10_14-50-45/import_issues.log
⚠️ Empty File: ./logs/scan/2025-02-10_14-50-45/empty.log
⚠️ Empty File: ./logs/scan/2025-02-10_14-50-45/errors.log
⚠️ Empty File: ./logs/scan/2025-02-10_14-50-45/full_scan.log
⚠️ Empty File: ./logs/scan/2025-02-10_14-42-13/missing.log
⚠️ Empty File: ./logs/scan/2025-02-10_14-42-13/import_issues.log
⚠️ Empty File: ./logs/scan/2025-02-10_14-42-13/errors.log
⚠️ Empty File: ./logs/scan/2025-02-10_14-42-13/full_scan.log
