🗑️ Orphaned: ./.DS_Store
🗑️ Orphaned: ./frontend/next.config.js
🗑️ Orphaned: ./frontend/tests/.DS_Store
🗑️ Orphaned: ./frontend/public/error_page.html
🗑️ Orphaned: ./frontend/public/favicon.ico
🗑️ Orphaned: ./frontend/public/global_styles.css
🗑️ Orphaned: ./frontend/public/Logo.svg
🗑️ Orphaned: ./frontend/.prettierrc.json
🗑️ Orphaned: ./frontend/src/.DS_Store
🗑️ Orphaned: ./frontend/src/components/filters/filterpanel.js
🗑️ Orphaned: ./frontend/src/components/filters/data_filter.js
🗑️ Orphaned: ./frontend/src/components/filters/source_filter.js
🗑️ Orphaned: ./frontend/src/components/filters/.DS_Store
🗑️ Orphaned: ./frontend/src/components/filters/keyword_filter.js
🗑️ Orphaned: ./frontend/src/components/filters/index.js
🗑️ Orphaned: ./frontend/src/components/filters/time_filter.js
🗑️ Orphaned: ./frontend/src/components/ui/cards.js
🗑️ Orphaned: ./frontend/src/components/ui/index.js
🗑️ Orphaned: ./frontend/src/components/ui/inputs.js
🗑️ Orphaned: ./frontend/src/components/ui/modals.js
🗑️ Orphaned: ./frontend/src/components/ui/buttons.js
🗑️ Orphaned: ./frontend/src/components/.DS_Store
🗑️ Orphaned: ./frontend/src/components/layout/.DS_Store
🗑️ Orphaned: ./frontend/src/components/layout/index.js
🗑️ Orphaned: ./frontend/src/components/layout/header.js
🗑️ Orphaned: ./frontend/src/components/layout/footer.js
🗑️ Orphaned: ./frontend/src/components/graph/graph.js
🗑️ Orphaned: ./frontend/src/components/graph/.DS_Store
🗑️ Orphaned: ./frontend/src/components/graph/index.js
🗑️ Orphaned: ./frontend/src/components/graph/graph_container.js
🗑️ Orphaned: ./frontend/src/components/index.js
🗑️ Orphaned: ./frontend/src/components/common/Loader.css
🗑️ Orphaned: ./frontend/src/components/common/index.js
🗑️ Orphaned: ./frontend/src/components/common/Button.js
🗑️ Orphaned: ./frontend/src/components/common/Card.js
🗑️ Orphaned: ./frontend/src/components/common/Loader.js
🗑️ Orphaned: ./frontend/src/components/news/news_topic_tag.js
🗑️ Orphaned: ./frontend/src/components/news/.DS_Store
🗑️ Orphaned: ./frontend/src/components/news/news_source.js
🗑️ Orphaned: ./frontend/src/components/news/news_card.js
🗑️ Orphaned: ./frontend/src/components/news/index.js
🗑️ Orphaned: ./frontend/src/components/news/news_summary.js
🗑️ Orphaned: ./frontend/src/components/news/news_sentiment.js
🗑️ Orphaned: ./LICENSE
🗑️ Orphaned: ./backend/.DS_Store
🗑️ Orphaned: ./backend/requirements.txt
🗑️ Orphaned: ./backend/tests/rss/__pycache__/test_feed_storage.cpython-313.pyc
🗑️ Orphaned: ./backend/tests/rss/__pycache__/test_rss_parser.cpython-313.pyc
🗑️ Orphaned: ./backend/tests/utils/__pycache__/test_logger.cpython-313.pyc
🗑️ Orphaned: ./backend/tests/utils/__pycache__/test_helpers.cpython-313.pyc
🗑️ Orphaned: ./backend/tests/utils/test_helpers.py
🗑️ Orphaned: ./backend/tests/utils/test_logger.py
🗑️ Orphaned: ./backend/tests/test_runner.py
🗑️ Orphaned: ./backend/tests/test_config.py
🗑️ Orphaned: ./backend/tests/db/__pycache__/test_articles.cpython-313.pyc
🗑️ Orphaned: ./backend/tests/db/__pycache__/test_db_connection.cpython-313.pyc
🗑️ Orphaned: ./backend/tests/db/test_db_connection.py
🗑️ Orphaned: ./backend/tests/db/test_articles.py
🗑️ Orphaned: ./backend/tests/api/test_search.py
🗑️ Orphaned: ./backend/tests/api/__pycache__/test_search.cpython-313.pyc
🗑️ Orphaned: ./backend/tests/api/__pycache__/test_fetch.cpython-313.pyc
🗑️ Orphaned: ./backend/tests/api/test_fetch.py
🗑️ Orphaned: ./backend/.gitignore
🗑️ Orphaned: ./backend/src/database/.DS_Store
🗑️ Orphaned: ./backend/src/database/models/__pycache__/article.cpython-313.pyc
🗑️ Orphaned: ./backend/src/database/models/__pycache__/__init__.cpython-313.pyc
🗑️ Orphaned: ./backend/src/database/__pycache__/db_connection.cpython-313.pyc
🗑️ Orphaned: ./backend/src/database/__pycache__/seed_db.cpython-313.pyc
🗑️ Orphaned: ./backend/src/database/__pycache__/db_helper.cpython-313.pyc
🗑️ Orphaned: ./backend/src/.DS_Store
🗑️ Orphaned: ./backend/src/config/__pycache__/config.cpython-313.pyc
🗑️ Orphaned: ./backend/src/rss/rss_feeds.py
🗑️ Orphaned: ./backend/src/rss/.DS_Store
🗑️ Orphaned: ./backend/src/rss/__init__.py
🗑️ Orphaned: ./backend/src/rss/__pycache__/feed_manager.cpython-313.pyc
🗑️ Orphaned: ./backend/src/rss/__pycache__/rss_feeds.cpython-313.pyc
🗑️ Orphaned: ./backend/src/rss/__pycache__/summarizer.cpython-313.pyc
🗑️ Orphaned: ./backend/src/rss/__pycache__/feed_parser.cpython-313.pyc
🗑️ Orphaned: ./backend/src/rss/__pycache__/__init__.cpython-313.pyc
🗑️ Orphaned: ./backend/src/utils/timer.py
🗑️ Orphaned: ./backend/src/utils/__init__.py
🗑️ Orphaned: ./backend/src/utils/__pycache__/helpers.cpython-313.pyc
🗑️ Orphaned: ./backend/src/utils/__pycache__/timer.cpython-313.pyc
🗑️ Orphaned: ./backend/src/utils/__pycache__/logger.cpython-313.pyc
🗑️ Orphaned: ./backend/src/utils/__pycache__/__init__.cpython-313.pyc
🗑️ Orphaned: ./backend/src/utils/logger.py
🗑️ Orphaned: ./backend/src/utils/helpers.py
🗑️ Orphaned: ./backend/src/api/.DS_Store
🗑️ Orphaned: ./backend/src/api/endpoints/__pycache__/search.cpython-313.pyc
🗑️ Orphaned: ./backend/src/api/endpoints/__pycache__/fetch.cpython-313.pyc
🗑️ Orphaned: ./backend/src/api/endpoints/__pycache__/analyze.cpython-313.pyc
🗑️ Orphaned: ./README.md
🗑️ Orphaned: ./logs/.DS_Store
🗑️ Orphaned: ./logs/scan/2025-02-10_12-49-29/orphaned.log
🗑️ Orphaned: ./logs/scan/2025-02-10_12-49-29/empty.log
🗑️ Orphaned: ./logs/scan/.DS_Store
🗑️ Orphaned: ./logs/scan/2025-02-10_12-36-02/missing.log
🗑️ Orphaned: ./logs/scan/2025-02-10_12-36-02/orphaned.log
🗑️ Orphaned: ./logs/scan/2025-02-10_12-36-02/empty.log
🗑️ Orphaned: ./logs/scan/2025-02-10_12-32-10/missing.log
🗑️ Orphaned: ./logs/scan/2025-02-10_12-32-10/orphaned.log
🗑️ Orphaned: ./logs/scan/2025-02-10_12-32-10/empty.log
🗑️ Orphaned: ./logs/scan/2025-02-10_14-27-44/missing.log
🗑️ Orphaned: ./logs/scan/2025-02-10_14-27-44/orphaned.log
🗑️ Orphaned: ./logs/scan/2025-02-10_14-27-44/import_issues.log
🗑️ Orphaned: ./logs/scan/2025-02-10_14-27-44/empty.log
🗑️ Orphaned: ./logs/scan/2025-02-10_14-27-44/errors.log
🗑️ Orphaned: ./logs/scan/2025-02-10_14-27-44/full_scan.log
🗑️ Orphaned: ./logs/scan/2025-02-10_13-12-59/missing.log
🗑️ Orphaned: ./logs/scan/2025-02-10_13-12-59/orphaned.log
🗑️ Orphaned: ./logs/scan/2025-02-10_13-12-59/import_issues.log
🗑️ Orphaned: ./logs/scan/2025-02-10_13-12-59/empty.log
🗑️ Orphaned: ./logs/scan/2025-02-10_13-12-59/errors.log
🗑️ Orphaned: ./logs/scan/2025-02-10_13-12-59/full_scan.log
🗑️ Orphaned: ./logs/scan/2025-02-10_12-36-12/missing.log
🗑️ Orphaned: ./logs/scan/2025-02-10_12-36-12/orphaned.log
🗑️ Orphaned: ./logs/scan/2025-02-10_12-36-12/empty.log
🗑️ Orphaned: ./.gitignore
🗑️ Orphaned: ./scripts/.DS_Store
🗑️ Orphaned: ./scripts/setup/.DS_Store
🗑️ Orphaned: ./scripts/setup/requirements.txt
🗑️ Orphaned: ./scripts/demployment/start_dev.sh
🗑️ Orphaned: ./scripts/demployment/stop_services.sh
🗑️ Orphaned: ./scripts/demployment/start_all.sh
🗑️ Orphaned: ./scripts/workflow/clean_project.sh
🗑️ Orphaned: ./scripts/workflow/setup_dev_env.sh
🗑️ Orphaned: ./scripts/maintenance/backup_project.sh
🗑️ Orphaned: ./scripts/maintenance/scan_project.sh
🗑️ Orphaned: ./scripts/maintenance/check_imports.sh
🗑️ Orphaned: ./scripts/maintenance/cleanup_logs.sh
🗑️ Orphaned: ./scripts/maintenance/fix_permissions.sh
🗑️ Orphaned: ./.gitattributes
🗑️ Orphaned: ./.git/config
🗑️ Orphaned: ./.git/objects/59/56d5aa97702933a3ae1998de002efe796b4e4d
🗑️ Orphaned: ./.git/objects/92/f97e75622b2362938674fba742d27af57b8e08
🗑️ Orphaned: ./.git/objects/0c/a893e823d8923ceec473ffa1ba5d11a5bd198a
🗑️ Orphaned: ./.git/objects/3e/337b6ebf4570d0061fd6a8410c074ee0fa1682
🗑️ Orphaned: ./.git/objects/3e/de1206cb36a3dfe02104ec2c1e158f4cfe56a5
🗑️ Orphaned: ./.git/objects/50/08ddfcf53c02e82d7eee2e57c38e5672ef89f6
🗑️ Orphaned: ./.git/objects/50/1bf84f551525808f7f5f1d6b7a4dc87d92846f
🗑️ Orphaned: ./.git/objects/50/f556b1ab7fb30be77ba28ae4e45373c62cb345
🗑️ Orphaned: ./.git/objects/68/bc17f9ff2104a9d7b6777058bb4c343ca72609
🗑️ Orphaned: ./.git/objects/57/c2b97029a99a197e751b80f30e6b09b2e385c9
🗑️ Orphaned: ./.git/objects/3b/389859b5211e40b659f7f12447600d012e57ec
🗑️ Orphaned: ./.git/objects/03/4b40d0fc4e196f9661659f1ea1b7ca86353f41
🗑️ Orphaned: ./.git/objects/9b/57a73ae272240577930151945bf2f6353e2617
🗑️ Orphaned: ./.git/objects/9b/08a5184461b4684c7a56d7d3724288a2dfad67
🗑️ Orphaned: ./.git/objects/35/76c3167b823337f63a9050c06847885f87c758
🗑️ Orphaned: ./.git/objects/51/48bcbcb464860a51ca9a69aa1766b0bdd48aa0
🗑️ Orphaned: ./.git/objects/51/c91c26749a7e33ec382775e628fe9c1478ba8f
🗑️ Orphaned: ./.git/objects/94/03a8fd4ffd4a419707bffef2ea9ca795300ade
🗑️ Orphaned: ./.git/objects/0e/9f1d9c993557ae4903465323321ee6a5ed831b
🗑️ Orphaned: ./.git/objects/5a/3fdab064021ae08da3393dc657871d958ca98b
🗑️ Orphaned: ./.git/objects/5f/c845fd73d79d6ee5327fd759fdbef1deb34186
🗑️ Orphaned: ./.git/objects/05/7a27d264c4539134c3d7ccec0710511b239917
🗑️ Orphaned: ./.git/objects/9d/4f7339e91596a88f73599f9816904a7ec54a6a
🗑️ Orphaned: ./.git/objects/9c/bc2395e9b5ae06706dacb421bb6477ee039bae
🗑️ Orphaned: ./.git/objects/02/8d8dd80806c360e2190cac932c081eb314f8a8
🗑️ Orphaned: ./.git/objects/a3/4a1a71dd5b645bbe67145da408b6f5bbe0b97d
🗑️ Orphaned: ./.git/objects/a3/cf36afb6fe12cf274715b8207763ee11b0a1cc
🗑️ Orphaned: ./.git/objects/b2/911545b1cb2e037c77c32f0e2e8eccf86f3325
🗑️ Orphaned: ./.git/objects/b2/e57644584e8f4134f8baa9a014711596ad9b0a
🗑️ Orphaned: ./.git/objects/d9/4eef2d0760903933177547dff3c7a534504b41
🗑️ Orphaned: ./.git/objects/d9/6c6d531ccd8d88fe8ae0ad30e5bccae3ccd7ba
🗑️ Orphaned: ./.git/objects/ac/c57c28a9782ed774165a402d8c9f1484f43406
🗑️ Orphaned: ./.git/objects/bb/095680467e2dad2f4cddb1c55de6dd9f394d5e
🗑️ Orphaned: ./.git/objects/bb/cff720e6df2cec5e27817f0e23472763d71cbe
🗑️ Orphaned: ./.git/objects/d7/0dec8fdfd77e70f4c986e1374e305206e30e77
🗑️ Orphaned: ./.git/objects/d0/c875a66d169bb4cbd6e67500f99b1fe7fe5a98
🗑️ Orphaned: ./.git/objects/b3/ba46d0c7ebc3095b0d0a674a78d9f30b0418d2
🗑️ Orphaned: ./.git/objects/df/e0770424b2a19faf507a501ebfc23be8f54e7b
🗑️ Orphaned: ./.git/objects/da/155c67ac3cd0feb2f61f2a406a938fbd4cddc2
🗑️ Orphaned: ./.git/objects/a2/588549cdf22fbbf570316bf005784077928070
🗑️ Orphaned: ./.git/objects/a2/937becf4e0c57c79d9562a48ef661819bd6da5
🗑️ Orphaned: ./.git/objects/bc/304efc0164bbc804bc24aaef771aa4b804289c
🗑️ Orphaned: ./.git/objects/ab/c5ca8793438a0510c5d2014f8c3873214619c5
🗑️ Orphaned: ./.git/objects/f4/ff789e8dc0f3fc57c4cfe4fe76785d0a32a704
🗑️ Orphaned: ./.git/objects/f3/353c0a7b334fe9c5283fc12fa68fd179b249ed
🗑️ Orphaned: ./.git/objects/f3/aafb11e52a2584ab488b6a1702e09ea9be89ea
🗑️ Orphaned: ./.git/objects/c9/aac199725286a4aa1a857b67f30fbb9341156e
🗑️ Orphaned: ./.git/objects/e3/f86efe528befa228a39bfd145ded0e110fbd34
🗑️ Orphaned: ./.git/objects/cf/d9e747246f06007672105197948da75ab08c27
🗑️ Orphaned: ./.git/objects/fe/86d9ad0f40299f422eeabed99c62fed6eae9b8
🗑️ Orphaned: ./.git/objects/c8/ed0d35c9092e3677dcbbcb8d97cb866fb3a504
🗑️ Orphaned: ./.git/objects/c8/da9d09caaff4e829c78008639a489ec3d40ef0
🗑️ Orphaned: ./.git/objects/fb/7d56405215b85f144c31b96a17baf567795188
🗑️ Orphaned: ./.git/objects/ed/267edbd90c82e338a13bef75a8d5de7f76202c
🗑️ Orphaned: ./.git/objects/20/71e3570feb34c4b6bfdcdc07bc31730bed314c
🗑️ Orphaned: ./.git/objects/7d/82f5b336f5d11af2ac7298e090874b86d39b5f
🗑️ Orphaned: ./.git/objects/7d/ab03d01f4a7a6b53d5ccf5262a484ee42ee536
🗑️ Orphaned: ./.git/objects/16/d68782b6fd3ce8971dd0fa343c4bb8b2ebe38d
🗑️ Orphaned: ./.git/objects/73/ba2e4e7a2943c2a7d079ef5bd66761a6082df7
🗑️ Orphaned: ./.git/objects/1a/53e62c37d081aa079d839f778fdb7ba19a445e
🗑️ Orphaned: ./.git/objects/1a/ede7342a4372668f15ff6c6363ca1c5a486a8e
🗑️ Orphaned: ./.git/objects/1a/58a0a059aaffb11b53c5cac901fe25a5910624
🗑️ Orphaned: ./.git/objects/17/482ab579e776687f9d333c4dc0afb2f9cb66f6
🗑️ Orphaned: ./.git/objects/17/afbad09a234100d95bc3f5900048b22beaeea9
🗑️ Orphaned: ./.git/objects/17/c41ac35fdc5a0a8b587e97fc9eee48d2bb4ccd
🗑️ Orphaned: ./.git/objects/17/2ccfaf6d81a0e6298798d09fe3f23fdc16158e
🗑️ Orphaned: ./.git/objects/7e/faeb1673298bbb84c1abff47384cb4517cc158
🗑️ Orphaned: ./.git/objects/7e/b49bc2abdec45e6b5e8a7fe39bd1954673cec2
🗑️ Orphaned: ./.git/objects/19/1ae56e2ed8095fb3691dec94835f5bb6342073
🗑️ Orphaned: ./.git/objects/75/1f0d15de49c1bc6f1f28be78f90a62fc96628b
🗑️ Orphaned: ./.git/objects/72/7a6ec0acabdf474988b6050978d4de5defbabf
🗑️ Orphaned: ./.git/objects/44/a9f6e1d882961ad296d73f13c1557d34d3e854
🗑️ Orphaned: ./.git/objects/2a/7776dc0950a11eb09f699e976295a354f4d958
🗑️ Orphaned: ./.git/objects/88/b0d8a19992e76d9ce853470db70d91d67e92f7
🗑️ Orphaned: ./.git/objects/88/27214694d429fe1a9290fa2316baf39cdccdd9
🗑️ Orphaned: ./.git/objects/5c/e53a553653587316c2b2a09820927489193641
🗑️ Orphaned: ./.git/objects/31/15507869a85a5493e1fbd4758584b450517e08
🗑️ Orphaned: ./.git/objects/65/beb0d561449efc37c84957caac61742b648383
🗑️ Orphaned: ./.git/objects/96/b534cf1020438ca56d604672f6980f32487ad6
🗑️ Orphaned: ./.git/objects/54/8fe7888577a001df5670de1ae4aeec7ac72c29
🗑️ Orphaned: ./.git/objects/3f/f937c659ccba4b9b19393fa0acd1aba306e6c0
🗑️ Orphaned: ./.git/objects/6d/7b094f168fee8d25c587ee4267c4a2b1180203
🗑️ Orphaned: ./.git/objects/6c/15fdcc71b1427bb2501102a490c61715bc6f76
🗑️ Orphaned: ./.git/objects/99/99913d9599dd0b8dcc5ac27b81bc19d4ba4446
🗑️ Orphaned: ./.git/objects/64/d36341dfc5c1a10d5fc04c79aef8908bb605f1
🗑️ Orphaned: ./.git/objects/bf/7d6f8b6ba9c065fda0dfadf25a01f81abb9041
🗑️ Orphaned: ./.git/objects/ba/a6dffe18b7d05cc3ec8a54ca8b7fbf3ac6dd57
🗑️ Orphaned: ./.git/objects/b8/49b835dce7d30f3bba13ffcc513f8563262a70
🗑️ Orphaned: ./.git/objects/dc/b28e736d58c965cf0388d2e9f5a8520ff6534f
🗑️ Orphaned: ./.git/objects/af/d6854804747299b1be652701c572c71ac4c022
🗑️ Orphaned: ./.git/objects/de/6f4728d480afd8c2d92ce8a0a535c5139bc5b6
🗑️ Orphaned: ./.git/objects/b0/d0412890fdaa7475b7182b4d063e67fdda8887
🗑️ Orphaned: ./.git/objects/b0/9cd7856d58590578ee1a4f3ad45d1310a97f87
🗑️ Orphaned: ./.git/objects/a6/dfbb8ace40768da660993b75475f6476d13cb7
🗑️ Orphaned: ./.git/objects/ef/d47e8c8e66c96c6185f80896cb7d1f52c5915a
🗑️ Orphaned: ./.git/objects/c4/b50df056e3bfb0adb8842b8629ee32ed4d917d
🗑️ Orphaned: ./.git/objects/ea/c16fb0da15d14da6cc0b1e58428a265b573241
🗑️ Orphaned: ./.git/objects/cd/49b55f5f38eb70a942c9650680a33612555e8a
🗑️ Orphaned: ./.git/objects/cc/b99f9b2069936544eb576da8a23f3404f2985a
🗑️ Orphaned: ./.git/objects/f7/87841e51254cf0888c739b7ca2e327aa8c1378
🗑️ Orphaned: ./.git/objects/fa/3b9b5ba666e7c14bfc3aa1d1896d266ea8dede
🗑️ Orphaned: ./.git/objects/f6/037da50b72c1a0b3a920bd8aea4a696657f614
🗑️ Orphaned: ./.git/objects/f1/af3083a08350a70ebe96819df8b5122d0a2602
🗑️ Orphaned: ./.git/objects/f8/eb3c9fe4927e639db5df915b9997da5765adc7
🗑️ Orphaned: ./.git/objects/79/69560e2f3094091c2467e4c52f4a5e6e70c14b
🗑️ Orphaned: ./.git/objects/83/a6af58478f17e1e8b0beda085e1d78aebdc7b0
🗑️ Orphaned: ./.git/objects/83/114edf3e660ebaa882bb905924a6503c59d8a5
🗑️ Orphaned: ./.git/objects/48/c51008ae0e895c461125eaef9c5e92e39a82a3
🗑️ Orphaned: ./.git/objects/48/a2b2107422697f5aa4267432fddf75dc37455b
🗑️ Orphaned: ./.git/objects/4a/939329b8d04d03aad0601e279ea1b1cde37020
🗑️ Orphaned: ./.git/objects/23/2350db4fab8263605b102279a99df066959ed1
🗑️ Orphaned: ./.git/objects/8d/bf68f10ff6795c8f64fd130994343d71449a04
🗑️ Orphaned: ./.git/objects/85/016e10af96edc20dc96b3cefca7788cd66f997
🗑️ Orphaned: ./.git/objects/71/59698448a155f1e9bb72fad232249ac5bd0155
🗑️ Orphaned: ./.git/objects/76/f16387ad2654a9f81b540d9f6b6c57ffb644fa
🗑️ Orphaned: ./.git/objects/82/17d2e830264bc79e66d4c45f27fbbcc729cf9f
🗑️ Orphaned: ./.git/objects/40/500f3753d1c8136a64ea0a8b8f3707959a9e33
🗑️ Orphaned: ./.git/objects/2b/4a5ac46ca10a396283ebb823b660b6e194ab57
🗑️ Orphaned: ./.git/objects/47/2ba6c07b4404c921d2b2db364b0a5e26897b0f
🗑️ Orphaned: ./.git/objects/8b/83f2d5eb086b1c393dac20fad192b6bb4bdf4a
🗑️ Orphaned: ./.git/objects/13/56f1c2a011c57ca7d75680c921cee2ef3fcf49
🗑️ Orphaned: ./.git/objects/7f/ca0ea38af3c827724aba991314664666e9c271
🗑️ Orphaned: ./.git/objects/7a/f4b54a16629f3de02e9beace0a0617515f3285
🗑️ Orphaned: ./.git/objects/8e/a1df7da0482f744a5a3d2b5bd58fae8f5357af
🗑️ Orphaned: ./.git/objects/25/bfd15b74cf20d2e8ff51061a6b0dde45655e37
🗑️ Orphaned: ./.git/HEAD
🗑️ Orphaned: ./.git/info/exclude
🗑️ Orphaned: ./.git/logs/HEAD
🗑️ Orphaned: ./.git/logs/refs/heads/main
🗑️ Orphaned: ./.git/logs/refs/remotes/origin/HEAD
🗑️ Orphaned: ./.git/logs/refs/remotes/origin/main
🗑️ Orphaned: ./.git/description
🗑️ Orphaned: ./.git/hooks/commit-msg.sample
🗑️ Orphaned: ./.git/hooks/pre-rebase.sample
🗑️ Orphaned: ./.git/hooks/sendemail-validate.sample
🗑️ Orphaned: ./.git/hooks/pre-commit.sample
🗑️ Orphaned: ./.git/hooks/applypatch-msg.sample
🗑️ Orphaned: ./.git/hooks/fsmonitor-watchman.sample
🗑️ Orphaned: ./.git/hooks/pre-receive.sample
🗑️ Orphaned: ./.git/hooks/prepare-commit-msg.sample
🗑️ Orphaned: ./.git/hooks/post-update.sample
🗑️ Orphaned: ./.git/hooks/pre-merge-commit.sample
🗑️ Orphaned: ./.git/hooks/pre-applypatch.sample
🗑️ Orphaned: ./.git/hooks/pre-push.sample
🗑️ Orphaned: ./.git/hooks/update.sample
🗑️ Orphaned: ./.git/hooks/push-to-checkout.sample
🗑️ Orphaned: ./.git/refs/heads/main
🗑️ Orphaned: ./.git/refs/remotes/origin/HEAD
🗑️ Orphaned: ./.git/refs/remotes/origin/main
🗑️ Orphaned: ./.git/index
🗑️ Orphaned: ./.git/COMMIT_EDITMSG
🗑️ Orphaned: ./.git/FETCH_HEAD
