🗑️ Orphaned: ./frontend/public/error_page.html
🗑️ Orphaned: ./frontend/public/favicon.ico
🗑️ Orphaned: ./frontend/public/global_styles.css
🗑️ Orphaned: ./frontend/public/Logo.svg
🗑️ Orphaned: ./frontend/.prettierrc.json
🗑️ Orphaned: ./frontend/src/components/filters/filterpanel.js
🗑️ Orphaned: ./frontend/src/components/filters/data_filter.js
🗑️ Orphaned: ./frontend/src/components/filters/source_filter.js
🗑️ Orphaned: ./frontend/src/components/filters/keyword_filter.js
🗑️ Orphaned: ./frontend/src/components/filters/index.js
🗑️ Orphaned: ./frontend/src/components/filters/time_filter.js
🗑️ Orphaned: ./frontend/src/components/ui/cards.js
🗑️ Orphaned: ./frontend/src/components/ui/index.js
🗑️ Orphaned: ./frontend/src/components/ui/inputs.js
🗑️ Orphaned: ./frontend/src/components/ui/modals.js
🗑️ Orphaned: ./frontend/src/components/ui/buttons.js
🗑️ Orphaned: ./frontend/src/components/layout/index.js
🗑️ Orphaned: ./frontend/src/components/layout/header.js
🗑️ Orphaned: ./frontend/src/components/layout/footer.js
🗑️ Orphaned: ./frontend/src/components/graph/graph.js
🗑️ Orphaned: ./frontend/src/components/graph/index.js
🗑️ Orphaned: ./frontend/src/components/graph/graph_container.js
🗑️ Orphaned: ./frontend/src/components/index.js
🗑️ Orphaned: ./frontend/src/components/common/Loader.css
🗑️ Orphaned: ./frontend/src/components/common/index.js
🗑️ Orphaned: ./frontend/src/components/common/Button.js
🗑️ Orphaned: ./frontend/src/components/common/Card.js
🗑️ Orphaned: ./frontend/src/components/common/Loader.js
🗑️ Orphaned: ./frontend/src/components/news/news_topic_tag.js
🗑️ Orphaned: ./frontend/src/components/news/news_source.js
🗑️ Orphaned: ./frontend/src/components/news/news_card.js
🗑️ Orphaned: ./frontend/src/components/news/index.js
🗑️ Orphaned: ./frontend/src/components/news/news_summary.js
🗑️ Orphaned: ./frontend/src/components/news/news_sentiment.js
🗑️ Orphaned: ./LICENSE
🗑️ Orphaned: ./backend/requirements.txt
🗑️ Orphaned: ./backend/tests/utils/test_helpers.py
🗑️ Orphaned: ./backend/tests/utils/test_logger.py
🗑️ Orphaned: ./backend/tests/test_runner.py
🗑️ Orphaned: ./backend/tests/test_config.py
🗑️ Orphaned: ./backend/tests/db/test_db_connection.py
🗑️ Orphaned: ./backend/tests/db/test_articles.py
🗑️ Orphaned: ./backend/tests/api/test_search.py
🗑️ Orphaned: ./backend/tests/api/test_fetch.py
🗑️ Orphaned: ./backend/.gitignore
🗑️ Orphaned: ./backend/src/rss/rss_feeds.py
🗑️ Orphaned: ./backend/src/rss/__init__.py
🗑️ Orphaned: ./backend/src/utils/timer.py
🗑️ Orphaned: ./backend/src/utils/__init__.py
🗑️ Orphaned: ./backend/src/utils/logger.py
🗑️ Orphaned: ./backend/src/utils/helpers.py
🗑️ Orphaned: ./README.md
🗑️ Orphaned: ./logs/scan/2025-02-10_12-49-29/orphaned.log
🗑️ Orphaned: ./logs/scan/2025-02-10_12-49-29/empty.log
🗑️ Orphaned: ./logs/scan/2025-02-10_14-45-47/missing.log
🗑️ Orphaned: ./logs/scan/2025-02-10_14-45-47/orphaned.log
🗑️ Orphaned: ./logs/scan/2025-02-10_14-45-47/import_issues.log
🗑️ Orphaned: ./logs/scan/2025-02-10_14-45-47/empty.log
🗑️ Orphaned: ./logs/scan/2025-02-10_14-45-47/errors.log
🗑️ Orphaned: ./logs/scan/2025-02-10_14-45-47/full_scan.log
🗑️ Orphaned: ./logs/scan/2025-02-10_12-36-02/missing.log
🗑️ Orphaned: ./logs/scan/2025-02-10_12-36-02/orphaned.log
🗑️ Orphaned: ./logs/scan/2025-02-10_12-36-02/empty.log
🗑️ Orphaned: ./logs/scan/2025-02-10_12-32-10/missing.log
🗑️ Orphaned: ./logs/scan/2025-02-10_12-32-10/orphaned.log
🗑️ Orphaned: ./logs/scan/2025-02-10_12-32-10/empty.log
🗑️ Orphaned: ./logs/scan/2025-02-10_14-33-29/missing.log
🗑️ Orphaned: ./logs/scan/2025-02-10_14-33-29/orphaned.log
🗑️ Orphaned: ./logs/scan/2025-02-10_14-33-29/import_issues.log
🗑️ Orphaned: ./logs/scan/2025-02-10_14-33-29/empty.log
🗑️ Orphaned: ./logs/scan/2025-02-10_14-33-29/errors.log
🗑️ Orphaned: ./logs/scan/2025-02-10_14-33-29/full_scan.log
🗑️ Orphaned: ./logs/scan/2025-02-10_14-27-44/missing.log
🗑️ Orphaned: ./logs/scan/2025-02-10_14-27-44/orphaned.log
🗑️ Orphaned: ./logs/scan/2025-02-10_14-27-44/import_issues.log
🗑️ Orphaned: ./logs/scan/2025-02-10_14-27-44/empty.log
🗑️ Orphaned: ./logs/scan/2025-02-10_14-27-44/errors.log
🗑️ Orphaned: ./logs/scan/2025-02-10_14-27-44/full_scan.log
🗑️ Orphaned: ./logs/scan/2025-02-10_13-12-59/missing.log
🗑️ Orphaned: ./logs/scan/2025-02-10_13-12-59/orphaned.log
🗑️ Orphaned: ./logs/scan/2025-02-10_13-12-59/import_issues.log
🗑️ Orphaned: ./logs/scan/2025-02-10_13-12-59/empty.log
🗑️ Orphaned: ./logs/scan/2025-02-10_13-12-59/errors.log
🗑️ Orphaned: ./logs/scan/2025-02-10_13-12-59/full_scan.log
🗑️ Orphaned: ./logs/scan/2025-02-10_14-32-30/missing.log
🗑️ Orphaned: ./logs/scan/2025-02-10_14-32-30/orphaned.log
🗑️ Orphaned: ./logs/scan/2025-02-10_14-32-30/import_issues.log
🗑️ Orphaned: ./logs/scan/2025-02-10_14-32-30/empty.log
🗑️ Orphaned: ./logs/scan/2025-02-10_14-32-30/errors.log
🗑️ Orphaned: ./logs/scan/2025-02-10_14-32-30/full_scan.log
🗑️ Orphaned: ./logs/scan/2025-02-10_14-42-13/missing.log
🗑️ Orphaned: ./logs/scan/2025-02-10_14-42-13/orphaned.log
🗑️ Orphaned: ./logs/scan/2025-02-10_14-42-13/import_issues.log
🗑️ Orphaned: ./logs/scan/2025-02-10_14-42-13/empty.log
🗑️ Orphaned: ./logs/scan/2025-02-10_14-42-13/errors.log
🗑️ Orphaned: ./logs/scan/2025-02-10_14-42-13/full_scan.log
🗑️ Orphaned: ./logs/scan/2025-02-10_12-36-12/missing.log
🗑️ Orphaned: ./logs/scan/2025-02-10_12-36-12/orphaned.log
🗑️ Orphaned: ./logs/scan/2025-02-10_12-36-12/empty.log
🗑️ Orphaned: ./.gitignore
🗑️ Orphaned: ./scripts/setup/requirements.txt
🗑️ Orphaned: ./scripts/demployment/start_dev.sh
🗑️ Orphaned: ./scripts/demployment/stop_services.sh
🗑️ Orphaned: ./scripts/demployment/start_all.sh
🗑️ Orphaned: ./scripts/workflow/clean_project.sh
🗑️ Orphaned: ./scripts/workflow/setup_dev_env.sh
🗑️ Orphaned: ./scripts/maintenance/backup_project.sh
🗑️ Orphaned: ./scripts/maintenance/scan_project.sh
🗑️ Orphaned: ./scripts/maintenance/check_imports.sh
🗑️ Orphaned: ./scripts/maintenance/cleanup_logs.sh
🗑️ Orphaned: ./scripts/maintenance/fix_permissions.sh
🗑️ Orphaned: ./.gitattributes
