2025-02-10 18:43:20 - 🚀 Stopping any existing processes on ports 8000 and 3000...
2025-02-10 18:43:20 - 🚀 Stopping any existing processes on ports 8000 and 3000...
2025-02-10 18:43:20 - ✅ Stopped processes on port 8000
2025-02-10 18:43:20 - ✅ Stopped processes on port 8000
2025-02-10 18:43:20 - ✅ Stopped processes on port 3000
2025-02-10 18:43:20 - ✅ Stopped processes on port 3000
2025-02-10 18:43:20 - 📂 Navigated to project root: /Users/jasonpoindexter/Documents/GitHub/clairity/scripts
2025-02-10 18:43:20 - 📂 Navigated to project root: /Users/jasonpoindexter/Documents/GitHub/clairity/scripts
2025-02-10 18:43:20 - 🔄 Attaching to existing tmux session: clairity
2025-02-10 18:43:20 - 🔄 Attaching to existing tmux session: clairity
2025-02-10 18:43:20 - ⚡ Backend started in tmux Pane 1
2025-02-10 18:43:20 - ⚡ Backend started in tmux Pane 1
2025-02-10 18:43:20 - 🖥️ Frontend started in tmux Pane 2
2025-02-10 18:43:20 - 🖥️ Frontend started in tmux Pane 2
2025-02-10 18:43:20 - 📜 Logs running in tmux Pane 3
2025-02-10 18:43:20 - 📜 Logs running in tmux Pane 3
2025-02-10 18:43:20 - 🌍 Opening the frontend in the browser...
2025-02-10 18:43:20 - 🌍 Opening the frontend in the browser...
2025-02-10 18:43:20 - ✅ Frontend opened in browser
2025-02-10 18:43:20 - ✅ Frontend opened in browser
2025-02-10 18:43:20 - ✅ Clairity is now running in tmux. Use 'tmux attach -t clairity' to view.
2025-02-10 18:43:20 - ✅ Clairity is now running in tmux. Use 'tmux attach -t clairity' to view.
